#
# There is insufficient memory for the Java Runtime Environment to continue.
# Native memory allocation (malloc) failed to allocate 32752 bytes. Error detail: Chunk::new
# Possible reasons:
#   The system is out of physical RAM or swap space
#   This process is running with CompressedOops enabled, and the Java Heap may be blocking the growth of the native heap
# Possible solutions:
#   Reduce memory load on the system
#   Increase physical memory or swap space
#   Check if swap backing store is full
#   Decrease Java heap size (-Xmx/-Xms)
#   Decrease number of Java threads
#   Decrease Java thread stack sizes (-Xss)
#   Set larger code cache with -XX:ReservedCodeCacheSize=
#   JVM is running with Unscaled Compressed Oops mode in which the Java heap is
#     placed in the first 4GB address space. The Java Heap base address is the
#     maximum limit for the native heap growth. Please use -XX:HeapBaseMinAddress
#     to set the Java Heap base and to place the Java Heap above 4GB virtual address.
# This output file may be truncated or incomplete.
#
#  Out of Memory Error (arena.cpp:186), pid=24384, tid=5772
#
# JRE version: OpenJDK Runtime Environment JBR-25.0.2+1-329.72-jcef (25.0.2+1) (build 25.0.2+1-b329.72)
# Java VM: OpenJDK 64-Bit Server VM JBR-25.0.2+1-329.72-jcef (25.0.2+1-b329.72, mixed mode, sharing, tiered, compressed oops, compressed class ptrs, g1 gc, windows-amd64)
# No core dump will be written. Minidumps are not enabled by default on client versions of Windows
#

---------------  S U M M A R Y ------------

Command Line: git4idea.http.GitAskPassApp Password for 'https://shaafeekureemun6-png@github.com': 

Host: 11th Gen Intel(R) Core(TM) i5-1135G7 @ 2.40GHz, 8 cores, 7G,  Windows 11 , 64 bit Build 22621 (10.0.22621.3958)
Time: Mon Jun  8 17:41:09 2026 Malay Peninsula Standard Time elapsed time: 0.135737 seconds (0d 0h 0m 0s)

---------------  T H R E A D  ---------------

Current thread (0x0000027325125610):  JavaThread "C1 CompilerThread0" daemon [_thread_in_native, id=5772, stack(0x0000008c7a400000,0x0000008c7a500000) (1024K)]


Current CompileTask:
C1:135  457       3       jdk.internal.classfile.impl.StackMapGenerator::processBlock (2767 bytes)

Stack: [0x0000008c7a400000,0x0000008c7a500000]
Native frames: (J=compiled Java code, j=interpreted, Vv=VM code, C=native code)
V  [jvm.dll+0x7c0b19]  (no source info available)
V  [jvm.dll+0x78a2ed]  (no source info available)
V  [jvm.dll+0xa0e563]  (no source info available)
V  [jvm.dll+0xa10d5c]  (no source info available)
V  [jvm.dll+0xa11453]  (no source info available)
V  [jvm.dll+0x307b86]  (no source info available)
V  [jvm.dll+0x114676]  (no source info available)
V  [jvm.dll+0x1149a6]  (no source info available)
V  [jvm.dll+0x2073ee]  (no source info available)
V  [jvm.dll+0x20f3fd]  (no source info available)
V  [jvm.dll+0x20be37]  (no source info available)
V  [jvm.dll+0x1c7802]  (no source info available)
V  [jvm.dll+0x1c6e9f]  (no source info available)
V  [jvm.dll+0x1c715e]  (no source info available)
V  [jvm.dll+0x1c66ac]  (no source info available)
V  [jvm.dll+0x1c84cd]  (no source info available)
V  [jvm.dll+0x2d8ce4]  (no source info available)
V  [jvm.dll+0x2d6f0b]  (no source info available)
V  [jvm.dll+0x49dbb5]  (no source info available)
V  [jvm.dll+0x9ae45d]  (no source info available)
V  [jvm.dll+0x7bf035]  (no source info available)
C  [ucrtbase.dll+0x29333]  (no source info available)
C  [KERNEL32.DLL+0x1257d]  (no source info available)
C  [ntdll.dll+0x5af08]  (no source info available)

Lock stack of current Java thread (top to bottom):


---------------  P R O C E S S  ---------------

Threads class SMR info:
_java_thread_list=0x00000273259859b0, length=12, elements={
0x000002730abd20a0, 0x00000273250e81d0, 0x00000273250ede40, 0x00000273250efa10,
0x00000273250f05d0, 0x00000273250f1190, 0x00000273250f1d50, 0x00000273250f4b80,
0x000002732511c5e0, 0x0000027325125610, 0x000002732596e310, 0x0000027325ad0150
}

Java Threads: ( => current thread )
  0x000002730abd20a0 JavaThread "main"                              [_thread_in_Java, id=27320, stack(0x0000008c79400000,0x0000008c79500000) (1024K)]
  0x00000273250e81d0 JavaThread "Common-Cleaner"             daemon [_thread_blocked, id=32936, stack(0x0000008c79c00000,0x0000008c79d00000) (1024K)]
  0x00000273250ede40 JavaThread "Reference Handler"          daemon [_thread_blocked, id=33448, stack(0x0000008c79d00000,0x0000008c79e00000) (1024K)]
  0x00000273250efa10 JavaThread "Finalizer"                  daemon [_thread_blocked, id=33096, stack(0x0000008c79e00000,0x0000008c79f00000) (1024K)]
  0x00000273250f05d0 JavaThread "Signal Dispatcher"          daemon [_thread_blocked, id=4088, stack(0x0000008c79f00000,0x0000008c7a000000) (1024K)]
  0x00000273250f1190 JavaThread "Attach Listener"            daemon [_thread_blocked, id=31024, stack(0x0000008c7a000000,0x0000008c7a100000) (1024K)]
  0x00000273250f1d50 JavaThread "Service Thread"             daemon [_thread_blocked, id=392, stack(0x0000008c7a100000,0x0000008c7a200000) (1024K)]
  0x00000273250f4b80 JavaThread "Monitor Deflation Thread"   daemon [_thread_blocked, id=26080, stack(0x0000008c7a200000,0x0000008c7a300000) (1024K)]
  0x000002732511c5e0 JavaThread "C2 CompilerThread0"         daemon [_thread_blocked, id=12084, stack(0x0000008c7a300000,0x0000008c7a400000) (1024K)]
=>0x0000027325125610 JavaThread "C1 CompilerThread0"         daemon [_thread_in_native, id=5772, stack(0x0000008c7a400000,0x0000008c7a500000) (1024K)]
  0x000002732596e310 JavaThread "Notification Thread"        daemon [_thread_blocked, id=21104, stack(0x0000008c7a500000,0x0000008c7a600000) (1024K)]
  0x0000027325ad0150 JavaThread "C2 CompilerThread1"         daemon [_thread_blocked, id=30420, stack(0x0000008c7a600000,0x0000008c7a700000) (1024K)]
Total: 12

Other Threads:
  0x00000273250dbd40 VMThread "VM Thread"                           [id=19680, stack(0x0000008c79b00000,0x0000008c79c00000) (1024K)]
  0x00000273250c6a90 WatcherThread "VM Periodic Task Thread"        [id=34572, stack(0x0000008c79a00000,0x0000008c79b00000) (1024K)]
  0x000002730cf383b0 WorkerThread "GC Thread#0"                     [id=9404, stack(0x0000008c79500000,0x0000008c79600000) (1024K)]
  0x000002730cf8f010 ConcurrentGCThread "G1 Main Marker"            [id=8588, stack(0x0000008c79600000,0x0000008c79700000) (1024K)]
  0x000002730cf91370 WorkerThread "G1 Conc#0"                       [id=33712, stack(0x0000008c79700000,0x0000008c79800000) (1024K)]
  0x000002730cf9e180 ConcurrentGCThread "G1 Refine#0"               [id=24620, stack(0x0000008c79800000,0x0000008c79900000) (1024K)]
  0x0000027324f8ef60 ConcurrentGCThread "G1 Service"                [id=29752, stack(0x0000008c79900000,0x0000008c79a00000) (1024K)]
Total: 7

Threads with active compile tasks:
C2 CompilerThread0  157  532       4       java.nio.Buffer::session (20 bytes)
C1 CompilerThread0  157  457       3       jdk.internal.classfile.impl.StackMapGenerator::processBlock (2767 bytes)
Total: 2

VM state: not at safepoint (normal execution)

VM Mutex/Monitor currently owned by a thread: None

Heap address: 0x0000000083200000, size: 1998 MB, Compressed Oops mode: 32-bit

CDS archive(s) mapped at: [0x0000000018000000-0x0000000019cd0000-0x0000000019cd0000), size 30212096, SharedBaseAddress: 0x0000000018000000, ArchiveRelocationMode: 1.
Compressed class space mapped at: 0x000000001a000000-0x000000005a000000, reserved size: 1073741824
UseCompressedClassPointers 1, UseCompactObjectHeaders 0
Narrow klass pointer bits 32, Max shift 3
Narrow klass base: 0x0000000018000000, Narrow klass shift: 0
Encoding Range: [0x0000000018000000 - 0x0000000118000000), (4294967296 bytes)
Klass Range:    [0x0000000018010000 - 0x000000005a000000), (1107230720 bytes)
Klass ID Range:  [65536 - 1107296249) (1107230713)
Protection zone: [0x0000000018000000 - 0x0000000018010000), (65536 bytes)

GC Precious Log:
 CardTable entry size: 512
 Card Set container configuration: InlinePtr #cards 5 size 8 Array Of Cards #cards 10 size 36 Howl #buckets 4 coarsen threshold 1843 Howl Bitmap #cards 512 size 80 coarsen threshold 460 Card regions per heap region 1 cards per card region 2048
 CPUs: 8 total, 8 available
 Memory: 7991M
 Large Page Support: Disabled
 NUMA Support: Disabled
 Compressed Oops: Enabled (32-bit)
 Heap Region Size: 1M
 Heap Min Capacity: 8M
 Heap Initial Capacity: 126M
 Heap Max Capacity: 1998M
 Pre-touch: Disabled
 Parallel Workers: 8
 Concurrent Workers: 2
 Concurrent Refinement Workers: 8
 Periodic GC: Disabled

Heap:
 garbage-first heap   total reserved 2045952K, committed 132096K, used 8452K [0x0000000083200000, 0x0000000100000000)
  region size 1024K, 7 young (7168K), 0 survivors (0K)

Heap Regions: E=young(eden), S=young(survivor), O=old, HS=humongous(starts), HC=humongous(continues), CS=collection set, F=free, TAMS=top-at-mark-start, PB=parsable bottom
|   0|0x0000000083200000, 0x0000000083200000, 0x0000000083300000|  0%| F|  |TAMS 0x0000000083200000| PB 0x0000000083200000| Untracked |  0
|   1|0x0000000083300000, 0x0000000083300000, 0x0000000083400000|  0%| F|  |TAMS 0x0000000083300000| PB 0x0000000083300000| Untracked |  0
|   2|0x0000000083400000, 0x0000000083400000, 0x0000000083500000|  0%| F|  |TAMS 0x0000000083400000| PB 0x0000000083400000| Untracked |  0
|   3|0x0000000083500000, 0x0000000083500000, 0x0000000083600000|  0%| F|  |TAMS 0x0000000083500000| PB 0x0000000083500000| Untracked |  0
|   4|0x0000000083600000, 0x0000000083600000, 0x0000000083700000|  0%| F|  |TAMS 0x0000000083600000| PB 0x0000000083600000| Untracked |  0
|   5|0x0000000083700000, 0x0000000083700000, 0x0000000083800000|  0%| F|  |TAMS 0x0000000083700000| PB 0x0000000083700000| Untracked |  0
|   6|0x0000000083800000, 0x0000000083800000, 0x0000000083900000|  0%| F|  |TAMS 0x0000000083800000| PB 0x0000000083800000| Untracked |  0
|   7|0x0000000083900000, 0x0000000083900000, 0x0000000083a00000|  0%| F|  |TAMS 0x0000000083900000| PB 0x0000000083900000| Untracked |  0
|   8|0x0000000083a00000, 0x0000000083a00000, 0x0000000083b00000|  0%| F|  |TAMS 0x0000000083a00000| PB 0x0000000083a00000| Untracked |  0
|   9|0x0000000083b00000, 0x0000000083b00000, 0x0000000083c00000|  0%| F|  |TAMS 0x0000000083b00000| PB 0x0000000083b00000| Untracked |  0
|  10|0x0000000083c00000, 0x0000000083c00000, 0x0000000083d00000|  0%| F|  |TAMS 0x0000000083c00000| PB 0x0000000083c00000| Untracked |  0
|  11|0x0000000083d00000, 0x0000000083d00000, 0x0000000083e00000|  0%| F|  |TAMS 0x0000000083d00000| PB 0x0000000083d00000| Untracked |  0
|  12|0x0000000083e00000, 0x0000000083e00000, 0x0000000083f00000|  0%| F|  |TAMS 0x0000000083e00000| PB 0x0000000083e00000| Untracked |  0
|  13|0x0000000083f00000, 0x0000000083f00000, 0x0000000084000000|  0%| F|  |TAMS 0x0000000083f00000| PB 0x0000000083f00000| Untracked |  0
|  14|0x0000000084000000, 0x0000000084000000, 0x0000000084100000|  0%| F|  |TAMS 0x0000000084000000| PB 0x0000000084000000| Untracked |  0
|  15|0x0000000084100000, 0x0000000084100000, 0x0000000084200000|  0%| F|  |TAMS 0x0000000084100000| PB 0x0000000084100000| Untracked |  0
|  16|0x0000000084200000, 0x0000000084200000, 0x0000000084300000|  0%| F|  |TAMS 0x0000000084200000| PB 0x0000000084200000| Untracked |  0
|  17|0x0000000084300000, 0x0000000084300000, 0x0000000084400000|  0%| F|  |TAMS 0x0000000084300000| PB 0x0000000084300000| Untracked |  0
|  18|0x0000000084400000, 0x0000000084400000, 0x0000000084500000|  0%| F|  |TAMS 0x0000000084400000| PB 0x0000000084400000| Untracked |  0
|  19|0x0000000084500000, 0x0000000084500000, 0x0000000084600000|  0%| F|  |TAMS 0x0000000084500000| PB 0x0000000084500000| Untracked |  0
|  20|0x0000000084600000, 0x0000000084600000, 0x0000000084700000|  0%| F|  |TAMS 0x0000000084600000| PB 0x0000000084600000| Untracked |  0
|  21|0x0000000084700000, 0x0000000084700000, 0x0000000084800000|  0%| F|  |TAMS 0x0000000084700000| PB 0x0000000084700000| Untracked |  0
|  22|0x0000000084800000, 0x0000000084800000, 0x0000000084900000|  0%| F|  |TAMS 0x0000000084800000| PB 0x0000000084800000| Untracked |  0
|  23|0x0000000084900000, 0x0000000084900000, 0x0000000084a00000|  0%| F|  |TAMS 0x0000000084900000| PB 0x0000000084900000| Untracked |  0
|  24|0x0000000084a00000, 0x0000000084a00000, 0x0000000084b00000|  0%| F|  |TAMS 0x0000000084a00000| PB 0x0000000084a00000| Untracked |  0
|  25|0x0000000084b00000, 0x0000000084b00000, 0x0000000084c00000|  0%| F|  |TAMS 0x0000000084b00000| PB 0x0000000084b00000| Untracked |  0
|  26|0x0000000084c00000, 0x0000000084c00000, 0x0000000084d00000|  0%| F|  |TAMS 0x0000000084c00000| PB 0x0000000084c00000| Untracked |  0
|  27|0x0000000084d00000, 0x0000000084d00000, 0x0000000084e00000|  0%| F|  |TAMS 0x0000000084d00000| PB 0x0000000084d00000| Untracked |  0
|  28|0x0000000084e00000, 0x0000000084e00000, 0x0000000084f00000|  0%| F|  |TAMS 0x0000000084e00000| PB 0x0000000084e00000| Untracked |  0
|  29|0x0000000084f00000, 0x0000000084f00000, 0x0000000085000000|  0%| F|  |TAMS 0x0000000084f00000| PB 0x0000000084f00000| Untracked |  0
|  30|0x0000000085000000, 0x0000000085000000, 0x0000000085100000|  0%| F|  |TAMS 0x0000000085000000| PB 0x0000000085000000| Untracked |  0
|  31|0x0000000085100000, 0x0000000085100000, 0x0000000085200000|  0%| F|  |TAMS 0x0000000085100000| PB 0x0000000085100000| Untracked |  0
|  32|0x0000000085200000, 0x0000000085200000, 0x0000000085300000|  0%| F|  |TAMS 0x0000000085200000| PB 0x0000000085200000| Untracked |  0
|  33|0x0000000085300000, 0x0000000085300000, 0x0000000085400000|  0%| F|  |TAMS 0x0000000085300000| PB 0x0000000085300000| Untracked |  0
|  34|0x0000000085400000, 0x0000000085400000, 0x0000000085500000|  0%| F|  |TAMS 0x0000000085400000| PB 0x0000000085400000| Untracked |  0
|  35|0x0000000085500000, 0x0000000085500000, 0x0000000085600000|  0%| F|  |TAMS 0x0000000085500000| PB 0x0000000085500000| Untracked |  0
|  36|0x0000000085600000, 0x0000000085600000, 0x0000000085700000|  0%| F|  |TAMS 0x0000000085600000| PB 0x0000000085600000| Untracked |  0
|  37|0x0000000085700000, 0x0000000085700000, 0x0000000085800000|  0%| F|  |TAMS 0x0000000085700000| PB 0x0000000085700000| Untracked |  0
|  38|0x0000000085800000, 0x0000000085800000, 0x0000000085900000|  0%| F|  |TAMS 0x0000000085800000| PB 0x0000000085800000| Untracked |  0
|  39|0x0000000085900000, 0x0000000085900000, 0x0000000085a00000|  0%| F|  |TAMS 0x0000000085900000| PB 0x0000000085900000| Untracked |  0
|  40|0x0000000085a00000, 0x0000000085a00000, 0x0000000085b00000|  0%| F|  |TAMS 0x0000000085a00000| PB 0x0000000085a00000| Untracked |  0
|  41|0x0000000085b00000, 0x0000000085b00000, 0x0000000085c00000|  0%| F|  |TAMS 0x0000000085b00000| PB 0x0000000085b00000| Untracked |  0
|  42|0x0000000085c00000, 0x0000000085c00000, 0x0000000085d00000|  0%| F|  |TAMS 0x0000000085c00000| PB 0x0000000085c00000| Untracked |  0
|  43|0x0000000085d00000, 0x0000000085d00000, 0x0000000085e00000|  0%| F|  |TAMS 0x0000000085d00000| PB 0x0000000085d00000| Untracked |  0
|  44|0x0000000085e00000, 0x0000000085e00000, 0x0000000085f00000|  0%| F|  |TAMS 0x0000000085e00000| PB 0x0000000085e00000| Untracked |  0
|  45|0x0000000085f00000, 0x0000000085f00000, 0x0000000086000000|  0%| F|  |TAMS 0x0000000085f00000| PB 0x0000000085f00000| Untracked |  0
|  46|0x0000000086000000, 0x0000000086000000, 0x0000000086100000|  0%| F|  |TAMS 0x0000000086000000| PB 0x0000000086000000| Untracked |  0
|  47|0x0000000086100000, 0x0000000086100000, 0x0000000086200000|  0%| F|  |TAMS 0x0000000086100000| PB 0x0000000086100000| Untracked |  0
|  48|0x0000000086200000, 0x0000000086200000, 0x0000000086300000|  0%| F|  |TAMS 0x0000000086200000| PB 0x0000000086200000| Untracked |  0
|  49|0x0000000086300000, 0x0000000086300000, 0x0000000086400000|  0%| F|  |TAMS 0x0000000086300000| PB 0x0000000086300000| Untracked |  0
|  50|0x0000000086400000, 0x0000000086400000, 0x0000000086500000|  0%| F|  |TAMS 0x0000000086400000| PB 0x0000000086400000| Untracked |  0
|  51|0x0000000086500000, 0x0000000086500000, 0x0000000086600000|  0%| F|  |TAMS 0x0000000086500000| PB 0x0000000086500000| Untracked |  0
|  52|0x0000000086600000, 0x0000000086600000, 0x0000000086700000|  0%| F|  |TAMS 0x0000000086600000| PB 0x0000000086600000| Untracked |  0
|  53|0x0000000086700000, 0x0000000086700000, 0x0000000086800000|  0%| F|  |TAMS 0x0000000086700000| PB 0x0000000086700000| Untracked |  0
|  54|0x0000000086800000, 0x0000000086800000, 0x0000000086900000|  0%| F|  |TAMS 0x0000000086800000| PB 0x0000000086800000| Untracked |  0
|  55|0x0000000086900000, 0x0000000086900000, 0x0000000086a00000|  0%| F|  |TAMS 0x0000000086900000| PB 0x0000000086900000| Untracked |  0
|  56|0x0000000086a00000, 0x0000000086a00000, 0x0000000086b00000|  0%| F|  |TAMS 0x0000000086a00000| PB 0x0000000086a00000| Untracked |  0
|  57|0x0000000086b00000, 0x0000000086b00000, 0x0000000086c00000|  0%| F|  |TAMS 0x0000000086b00000| PB 0x0000000086b00000| Untracked |  0
|  58|0x0000000086c00000, 0x0000000086c00000, 0x0000000086d00000|  0%| F|  |TAMS 0x0000000086c00000| PB 0x0000000086c00000| Untracked |  0
|  59|0x0000000086d00000, 0x0000000086d00000, 0x0000000086e00000|  0%| F|  |TAMS 0x0000000086d00000| PB 0x0000000086d00000| Untracked |  0
|  60|0x0000000086e00000, 0x0000000086e00000, 0x0000000086f00000|  0%| F|  |TAMS 0x0000000086e00000| PB 0x0000000086e00000| Untracked |  0
|  61|0x0000000086f00000, 0x0000000086f00000, 0x0000000087000000|  0%| F|  |TAMS 0x0000000086f00000| PB 0x0000000086f00000| Untracked |  0
|  62|0x0000000087000000, 0x0000000087000000, 0x0000000087100000|  0%| F|  |TAMS 0x0000000087000000| PB 0x0000000087000000| Untracked |  0
|  63|0x0000000087100000, 0x0000000087100000, 0x0000000087200000|  0%| F|  |TAMS 0x0000000087100000| PB 0x0000000087100000| Untracked |  0
|  64|0x0000000087200000, 0x0000000087200000, 0x0000000087300000|  0%| F|  |TAMS 0x0000000087200000| PB 0x0000000087200000| Untracked |  0
|  65|0x0000000087300000, 0x0000000087300000, 0x0000000087400000|  0%| F|  |TAMS 0x0000000087300000| PB 0x0000000087300000| Untracked |  0
|  66|0x0000000087400000, 0x0000000087400000, 0x0000000087500000|  0%| F|  |TAMS 0x0000000087400000| PB 0x0000000087400000| Untracked |  0
|  67|0x0000000087500000, 0x0000000087500000, 0x0000000087600000|  0%| F|  |TAMS 0x0000000087500000| PB 0x0000000087500000| Untracked |  0
|  68|0x0000000087600000, 0x0000000087600000, 0x0000000087700000|  0%| F|  |TAMS 0x0000000087600000| PB 0x0000000087600000| Untracked |  0
|  69|0x0000000087700000, 0x0000000087700000, 0x0000000087800000|  0%| F|  |TAMS 0x0000000087700000| PB 0x0000000087700000| Untracked |  0
|  70|0x0000000087800000, 0x0000000087800000, 0x0000000087900000|  0%| F|  |TAMS 0x0000000087800000| PB 0x0000000087800000| Untracked |  0
|  71|0x0000000087900000, 0x0000000087900000, 0x0000000087a00000|  0%| F|  |TAMS 0x0000000087900000| PB 0x0000000087900000| Untracked |  0
|  72|0x0000000087a00000, 0x0000000087a00000, 0x0000000087b00000|  0%| F|  |TAMS 0x0000000087a00000| PB 0x0000000087a00000| Untracked |  0
|  73|0x0000000087b00000, 0x0000000087b00000, 0x0000000087c00000|  0%| F|  |TAMS 0x0000000087b00000| PB 0x0000000087b00000| Untracked |  0
|  74|0x0000000087c00000, 0x0000000087c00000, 0x0000000087d00000|  0%| F|  |TAMS 0x0000000087c00000| PB 0x0000000087c00000| Untracked |  0
|  75|0x0000000087d00000, 0x0000000087d00000, 0x0000000087e00000|  0%| F|  |TAMS 0x0000000087d00000| PB 0x0000000087d00000| Untracked |  0
|  76|0x0000000087e00000, 0x0000000087e00000, 0x0000000087f00000|  0%| F|  |TAMS 0x0000000087e00000| PB 0x0000000087e00000| Untracked |  0
|  77|0x0000000087f00000, 0x0000000087f00000, 0x0000000088000000|  0%| F|  |TAMS 0x0000000087f00000| PB 0x0000000087f00000| Untracked |  0
|  78|0x0000000088000000, 0x0000000088000000, 0x0000000088100000|  0%| F|  |TAMS 0x0000000088000000| PB 0x0000000088000000| Untracked |  0
|  79|0x0000000088100000, 0x0000000088100000, 0x0000000088200000|  0%| F|  |TAMS 0x0000000088100000| PB 0x0000000088100000| Untracked |  0
|  80|0x0000000088200000, 0x0000000088200000, 0x0000000088300000|  0%| F|  |TAMS 0x0000000088200000| PB 0x0000000088200000| Untracked |  0
|  81|0x0000000088300000, 0x0000000088300000, 0x0000000088400000|  0%| F|  |TAMS 0x0000000088300000| PB 0x0000000088300000| Untracked |  0
|  82|0x0000000088400000, 0x0000000088400000, 0x0000000088500000|  0%| F|  |TAMS 0x0000000088400000| PB 0x0000000088400000| Untracked |  0
|  83|0x0000000088500000, 0x0000000088500000, 0x0000000088600000|  0%| F|  |TAMS 0x0000000088500000| PB 0x0000000088500000| Untracked |  0
|  84|0x0000000088600000, 0x0000000088600000, 0x0000000088700000|  0%| F|  |TAMS 0x0000000088600000| PB 0x0000000088600000| Untracked |  0
|  85|0x0000000088700000, 0x0000000088700000, 0x0000000088800000|  0%| F|  |TAMS 0x0000000088700000| PB 0x0000000088700000| Untracked |  0
|  86|0x0000000088800000, 0x0000000088800000, 0x0000000088900000|  0%| F|  |TAMS 0x0000000088800000| PB 0x0000000088800000| Untracked |  0
|  87|0x0000000088900000, 0x0000000088900000, 0x0000000088a00000|  0%| F|  |TAMS 0x0000000088900000| PB 0x0000000088900000| Untracked |  0
|  88|0x0000000088a00000, 0x0000000088a00000, 0x0000000088b00000|  0%| F|  |TAMS 0x0000000088a00000| PB 0x0000000088a00000| Untracked |  0
|  89|0x0000000088b00000, 0x0000000088b00000, 0x0000000088c00000|  0%| F|  |TAMS 0x0000000088b00000| PB 0x0000000088b00000| Untracked |  0
|  90|0x0000000088c00000, 0x0000000088c00000, 0x0000000088d00000|  0%| F|  |TAMS 0x0000000088c00000| PB 0x0000000088c00000| Untracked |  0
|  91|0x0000000088d00000, 0x0000000088d00000, 0x0000000088e00000|  0%| F|  |TAMS 0x0000000088d00000| PB 0x0000000088d00000| Untracked |  0
|  92|0x0000000088e00000, 0x0000000088e00000, 0x0000000088f00000|  0%| F|  |TAMS 0x0000000088e00000| PB 0x0000000088e00000| Untracked |  0
|  93|0x0000000088f00000, 0x0000000088f00000, 0x0000000089000000|  0%| F|  |TAMS 0x0000000088f00000| PB 0x0000000088f00000| Untracked |  0
|  94|0x0000000089000000, 0x0000000089000000, 0x0000000089100000|  0%| F|  |TAMS 0x0000000089000000| PB 0x0000000089000000| Untracked |  0
|  95|0x0000000089100000, 0x0000000089100000, 0x0000000089200000|  0%| F|  |TAMS 0x0000000089100000| PB 0x0000000089100000| Untracked |  0
|  96|0x0000000089200000, 0x0000000089200000, 0x0000000089300000|  0%| F|  |TAMS 0x0000000089200000| PB 0x0000000089200000| Untracked |  0
|  97|0x0000000089300000, 0x0000000089300000, 0x0000000089400000|  0%| F|  |TAMS 0x0000000089300000| PB 0x0000000089300000| Untracked |  0
|  98|0x0000000089400000, 0x0000000089400000, 0x0000000089500000|  0%| F|  |TAMS 0x0000000089400000| PB 0x0000000089400000| Untracked |  0
|  99|0x0000000089500000, 0x0000000089500000, 0x0000000089600000|  0%| F|  |TAMS 0x0000000089500000| PB 0x0000000089500000| Untracked |  0
| 100|0x0000000089600000, 0x0000000089600000, 0x0000000089700000|  0%| F|  |TAMS 0x0000000089600000| PB 0x0000000089600000| Untracked |  0
| 101|0x0000000089700000, 0x0000000089700000, 0x0000000089800000|  0%| F|  |TAMS 0x0000000089700000| PB 0x0000000089700000| Untracked |  0
| 102|0x0000000089800000, 0x0000000089800000, 0x0000000089900000|  0%| F|  |TAMS 0x0000000089800000| PB 0x0000000089800000| Untracked |  0
| 103|0x0000000089900000, 0x0000000089900000, 0x0000000089a00000|  0%| F|  |TAMS 0x0000000089900000| PB 0x0000000089900000| Untracked |  0
| 104|0x0000000089a00000, 0x0000000089a00000, 0x0000000089b00000|  0%| F|  |TAMS 0x0000000089a00000| PB 0x0000000089a00000| Untracked |  0
| 105|0x0000000089b00000, 0x0000000089b00000, 0x0000000089c00000|  0%| F|  |TAMS 0x0000000089b00000| PB 0x0000000089b00000| Untracked |  0
| 106|0x0000000089c00000, 0x0000000089c00000, 0x0000000089d00000|  0%| F|  |TAMS 0x0000000089c00000| PB 0x0000000089c00000| Untracked |  0
| 107|0x0000000089d00000, 0x0000000089d00000, 0x0000000089e00000|  0%| F|  |TAMS 0x0000000089d00000| PB 0x0000000089d00000| Untracked |  0
| 108|0x0000000089e00000, 0x0000000089e00000, 0x0000000089f00000|  0%| F|  |TAMS 0x0000000089e00000| PB 0x0000000089e00000| Untracked |  0
| 109|0x0000000089f00000, 0x0000000089f00000, 0x000000008a000000|  0%| F|  |TAMS 0x0000000089f00000| PB 0x0000000089f00000| Untracked |  0
| 110|0x000000008a000000, 0x000000008a000000, 0x000000008a100000|  0%| F|  |TAMS 0x000000008a000000| PB 0x000000008a000000| Untracked |  0
| 111|0x000000008a100000, 0x000000008a100000, 0x000000008a200000|  0%| F|  |TAMS 0x000000008a100000| PB 0x000000008a100000| Untracked |  0
| 112|0x000000008a200000, 0x000000008a200000, 0x000000008a300000|  0%| F|  |TAMS 0x000000008a200000| PB 0x000000008a200000| Untracked |  0
| 113|0x000000008a300000, 0x000000008a300000, 0x000000008a400000|  0%| F|  |TAMS 0x000000008a300000| PB 0x000000008a300000| Untracked |  0
| 114|0x000000008a400000, 0x000000008a400000, 0x000000008a500000|  0%| F|  |TAMS 0x000000008a400000| PB 0x000000008a400000| Untracked |  0
| 115|0x000000008a500000, 0x000000008a500000, 0x000000008a600000|  0%| F|  |TAMS 0x000000008a500000| PB 0x000000008a500000| Untracked |  0
| 116|0x000000008a600000, 0x000000008a600000, 0x000000008a700000|  0%| F|  |TAMS 0x000000008a600000| PB 0x000000008a600000| Untracked |  0
| 117|0x000000008a700000, 0x000000008a700000, 0x000000008a800000|  0%| F|  |TAMS 0x000000008a700000| PB 0x000000008a700000| Untracked |  0
| 118|0x000000008a800000, 0x000000008a800000, 0x000000008a900000|  0%| F|  |TAMS 0x000000008a800000| PB 0x000000008a800000| Untracked |  0
| 119|0x000000008a900000, 0x000000008aa00000, 0x000000008aa00000|100%| E|  |TAMS 0x000000008a900000| PB 0x000000008a900000| Complete |  0
| 120|0x000000008aa00000, 0x000000008ab00000, 0x000000008ab00000|100%| E|CS|TAMS 0x000000008aa00000| PB 0x000000008aa00000| Complete |  0
| 121|0x000000008ab00000, 0x000000008ac00000, 0x000000008ac00000|100%| E|CS|TAMS 0x000000008ab00000| PB 0x000000008ab00000| Complete |  0
| 122|0x000000008ac00000, 0x000000008ad00000, 0x000000008ad00000|100%| E|CS|TAMS 0x000000008ac00000| PB 0x000000008ac00000| Complete |  0
| 123|0x000000008ad00000, 0x000000008ae00000, 0x000000008ae00000|100%| E|CS|TAMS 0x000000008ad00000| PB 0x000000008ad00000| Complete |  0
| 124|0x000000008ae00000, 0x000000008af00000, 0x000000008af00000|100%| E|CS|TAMS 0x000000008ae00000| PB 0x000000008ae00000| Complete |  0
| 125|0x000000008af00000, 0x000000008b000000, 0x000000008b000000|100%| E|CS|TAMS 0x000000008af00000| PB 0x000000008af00000| Complete |  0
|1995|0x00000000ffd00000, 0x00000000ffe00000, 0x00000000ffe00000|100%| O|  |TAMS 0x00000000ffd00000| PB 0x00000000ffd00000| Untracked |  0
|1996|0x00000000ffe00000, 0x00000000fff00000, 0x00000000fff00000|100%| O|  |TAMS 0x00000000ffe00000| PB 0x00000000ffe00000| Untracked |  0
|1997|0x00000000fff00000, 0x00000000fff41038, 0x0000000100000000| 25%| O|  |TAMS 0x00000000fff00000| PB 0x00000000fff00000| Untracked |  0

Card table byte_map: [0x0000027320a00000,0x0000027320df0000] _byte_map_base: 0x00000273205e7000

Marking Bits: (CMBitMap*) 0x000002730cf38b40
 Bits: [0x0000027320df0000, 0x0000027322d28000)

Polling page: 0x000002730c6b0000

Metaspace:
Metaspace        used 1306K, committed 1408K, reserved 1114112K
 class space     used 139K, committed 192K, reserved 1048576K

Usage:
  Non-class:      1.14 MB used.
      Class:    139.90 KB used.
       Both:      1.28 MB used.

Virtual space:
  Non-class space:       64.00 MB reserved,       1.19 MB (  2%) committed,  1 nodes.
      Class space:        1.00 GB reserved,     192.00 KB ( <1%) committed,  1 nodes.
             Both:        1.06 GB reserved,       1.38 MB ( <1%) committed. 

Chunk freelists:
   Non-Class:  11.56 MB
       Class:  15.66 MB
        Both:  27.22 MB

MaxMetaspaceSize: unlimited
CompressedClassSpaceSize: 1.00 GB
Initial GC threshold: 21.00 MB
Current GC threshold: 21.00 MB
CDS: on
 - commit_granule_bytes: 65536.
 - commit_granule_words: 8192.
 - virtual_space_node_default_size: 8388608.
 - enlarge_chunks_in_place: 1.
UseCompressedClassPointers 1, UseCompactObjectHeaders 0
Narrow klass pointer bits 32, Max shift 3
Narrow klass base: 0x0000000018000000, Narrow klass shift: 0
Encoding Range: [0x0000000018000000 - 0x0000000118000000), (4294967296 bytes)
Klass Range:    [0x0000000018010000 - 0x000000005a000000), (1107230720 bytes)
Klass ID Range:  [65536 - 1107296249) (1107230713)
Protection zone: [0x0000000018000000 - 0x0000000018010000), (65536 bytes)


Internal statistics:

num_allocs_failed_limit: 0.
num_arena_births: 38.
num_arena_deaths: 0.
num_vsnodes_births: 2.
num_vsnodes_deaths: 0.
num_space_committed: 22.
num_space_uncommitted: 0.
num_chunks_returned_to_freelist: 0.
num_chunks_taken_from_freelist: 69.
num_chunk_merges: 0.
num_chunk_splits: 46.
num_chunks_enlarged: 33.
num_inconsistent_stats: 0.

CodeHeap 'non-profiled nmethods': size=120064Kb used=162Kb max_used=162Kb free=119901Kb
 bounds [0x0000027318da0000, 0x0000027319010000, 0x00000273202e0000]
CodeHeap 'profiled nmethods': size=120000Kb used=483Kb max_used=483Kb free=119516Kb
 bounds [0x00000273112e0000, 0x0000027311550000, 0x0000027318810000]
CodeHeap 'non-nmethods': size=5696Kb used=1460Kb max_used=1474Kb free=4235Kb
 bounds [0x0000027318810000, 0x0000027318a80000, 0x0000027318da0000]
CodeCache: size=245760Kb, used=2105Kb, max_used=2119Kb, free=243652Kb
 total_blobs=976, nmethods=499, adapters=381, full_count=0
Compilation: enabled, stopped_count=0, restarted_count=0

Compilation events (20 events):
Event: 0.126 Thread 0x0000027325125610 nmethod 448 0x0000027318dbef88 code [0x0000027318dbf080, 0x0000027318dbf148]
Event: 0.126 Thread 0x0000027325125610  443       1       java.lang.invoke.MethodHandles$Lookup::lookupClass (5 bytes)
Event: 0.126 Thread 0x0000027325125610 nmethod 443 0x0000027318dbf288 code [0x0000027318dbf380, 0x0000027318dbf448]
Event: 0.126 Thread 0x0000027325125610  449       1       jdk.internal.classfile.impl.AbstractPoolEntry$ClassEntryImpl::tag (3 bytes)
Event: 0.126 Thread 0x0000027325125610 nmethod 449 0x0000027318dbf588 code [0x0000027318dbf680, 0x0000027318dbf748]
Event: 0.126 Thread 0x0000027325125610  444       3       jdk.internal.classfile.impl.SplitConstantPool::utf8Entry (45 bytes)
Event: 0.127 Thread 0x0000027325125610 nmethod 444 0x0000027311356908 code [0x0000027311356a00, 0x0000027311357130]
Event: 0.127 Thread 0x0000027325125610  451       3       jdk.internal.classfile.impl.SplitConstantPool::tryFindUtf8 (103 bytes)
Event: 0.127 Thread 0x0000027325125610 nmethod 451 0x0000027311357188 code [0x0000027311357280, 0x0000027311357e20]
Event: 0.127 Thread 0x0000027325125610  453       3       jdk.internal.misc.Unsafe::allocateUninitializedArray0 (90 bytes)
Event: 0.127 Thread 0x0000027325125610 nmethod 453 0x0000027311357e88 code [0x0000027311357f80, 0x00000273113587f0]
Event: 0.127 Thread 0x0000027325125610  445       1       jdk.internal.constant.ClassOrInterfaceDescImpl::isClassOrInterface (2 bytes)
Event: 0.127 Thread 0x0000027325125610 nmethod 445 0x0000027318dbfb88 code [0x0000027318dbfc80, 0x0000027318dbfd48]
Event: 0.127 Thread 0x0000027325125610  454       3       java.lang.reflect.Modifier::isProtected (12 bytes)
Event: 0.127 Thread 0x0000027325125610 nmethod 454 0x0000027311358808 code [0x0000027311358900, 0x0000027311358a38]
Event: 0.127 Thread 0x0000027325125610  455       1       java.lang.invoke.MethodTypeForm::basicType (5 bytes)
Event: 0.127 Thread 0x0000027325125610 nmethod 455 0x0000027318dbfe88 code [0x0000027318dbff80, 0x0000027318dc0048]
Event: 0.128 Thread 0x0000027325125610  456       3       jdk.internal.classfile.impl.AbstractPoolEntry::hash2 (15 bytes)
Event: 0.128 Thread 0x0000027325125610 nmethod 456 0x0000027311358b08 code [0x0000027311358c00, 0x0000027311358d08]
Event: 0.128 Thread 0x0000027325125610  457       3       jdk.internal.classfile.impl.StackMapGenerator::processBlock (2767 bytes)

GC Heap Usage History (0 events):
No events

Metaspace Usage History (0 events):
No events

Dll operation events (2 events):
Event: 0.005 Loaded shared library C:\Program Files\JetBrains\IntelliJ IDEA 2026.1\jbr\bin\java.dll
Event: 0.066 Loaded shared library C:\Program Files\JetBrains\IntelliJ IDEA 2026.1\jbr\bin\zip.dll

Deoptimization events (2 events):
Event: 0.104 Thread 0x000002730abd20a0 DEOPT PACKING pc=0x00000273112fa3ab sp=0x0000008c794fe5b0
Event: 0.104 Thread 0x000002730abd20a0 DEOPT UNPACKING pc=0x00000273188612a2 sp=0x0000008c794fda48 mode 0

Classes loaded (16 events):
Event: 0.035 Loading class jdk/internal/vm/PostVMInitHook
Event: 0.035 Loading class jdk/internal/vm/PostVMInitHook done
Event: 0.066 Loading class jdk/internal/event/SecurityProviderServiceEvent
Event: 0.067 Loading class jdk/internal/event/Event
Event: 0.067 Loading class jdk/internal/event/Event done
Event: 0.067 Loading class jdk/internal/event/SecurityProviderServiceEvent done
Event: 0.094 Loading class java/security/DrbgParameters$NextBytes
Event: 0.094 Loading class java/security/DrbgParameters$NextBytes done
Event: 0.094 Loading class sun/security/provider/AbstractDrbg$SeederHolder
Event: 0.094 Loading class sun/security/provider/AbstractDrbg$SeederHolder done
Event: 0.094 Loading class sun/security/provider/SeedGenerator
Event: 0.094 Loading class sun/security/provider/SeedGenerator done
Event: 0.094 Loading class sun/security/provider/NativeSeedGenerator
Event: 0.094 Loading class sun/security/provider/NativeSeedGenerator done
Event: 0.111 Loading class sun/security/provider/AbstractDrbg$NonceProvider
Event: 0.111 Loading class sun/security/provider/AbstractDrbg$NonceProvider done

Classes unloaded (0 events):
No events

Classes redefined (0 events):
No events

Internal exceptions (3 events):
Event: 0.077 Thread 0x000002730abd20a0 Exception <a 'sun/nio/fs/WindowsException'{0x000000008ade8828}> (0x000000008ade8828) 
thrown [s\src\hotspot\share\prims\jni.cpp, line 535]
Event: 0.109 Thread 0x000002730abd20a0 Exception <a 'java/lang/NoSuchMethodError'{0x000000008ab60c78}: 'java.lang.Object java.lang.invoke.DirectMethodHandle$Holder.invokeStaticInit(java.lang.Object, java.lang.Object, int, int, int, int)'> (0x000000008ab60c78) 
thrown [s\src\hotspot\share\interpreter\linkResolver.cpp, line 815]
Event: 0.123 Thread 0x000002730abd20a0 Exception <a 'java/lang/NoSuchMethodError'{0x000000008abeec08}: 'int java.lang.invoke.DirectMethodHandle$Holder.invokeSpecialIFC(java.lang.Object, java.lang.Object, java.lang.Object)'> (0x000000008abeec08) 
thrown [s\src\hotspot\share\interpreter\linkResolver.cpp, line 815]

VM Operations (2 events):
Event: 0.098 Executing non-safepoint VM operation: HandshakeAllThreads (Deoptimize)
Event: 0.098 Executing non-safepoint VM operation: HandshakeAllThreads (Deoptimize) done

Memory protections (0 events):
No events

Nmethod flushes (0 events):
No events

Events (16 events):
Event: 0.024 Thread 0x000002730abd20a0 Thread added: 0x000002730abd20a0
Event: 0.031 Thread 0x000002730abd20a0 Thread added: 0x00000273250e81d0
Event: 0.032 Thread 0x000002730abd20a0 Thread added: 0x00000273250ede40
Event: 0.032 Thread 0x000002730abd20a0 Thread added: 0x00000273250efa10
Event: 0.032 Thread 0x000002730abd20a0 Thread added: 0x00000273250f05d0
Event: 0.032 Thread 0x000002730abd20a0 Thread added: 0x00000273250f1190
Event: 0.032 Thread 0x000002730abd20a0 Thread added: 0x00000273250f1d50
Event: 0.032 Thread 0x000002730abd20a0 Thread added: 0x00000273250f4b80
Event: 0.032 Thread 0x000002730abd20a0 Thread added: 0x000002732511c5e0
Event: 0.032 Thread 0x000002730abd20a0 Thread added: 0x0000027325125610
Event: 0.035 Thread 0x000002730abd20a0 Thread added: 0x000002732596e310
Event: 0.038 Loaded shared library C:\Program Files\JetBrains\IntelliJ IDEA 2026.1\jbr\bin\net.dll
Event: 0.040 Loaded shared library C:\Program Files\JetBrains\IntelliJ IDEA 2026.1\jbr\bin\nio.dll
Event: 0.042 Loaded shared library C:\Program Files\JetBrains\IntelliJ IDEA 2026.1\jbr\bin\zip.dll
Event: 0.079 Loaded shared library C:\Program Files\JetBrains\IntelliJ IDEA 2026.1\jbr\bin\jimage.dll
Event: 0.086 Thread 0x0000027325125610 Thread added: 0x0000027325ad0150


Dynamic libraries:
0x00007ff723d40000 - 0x00007ff723d4a000 	C:\Program Files\JetBrains\IntelliJ IDEA 2026.1\jbr\bin\java.exe
0x00007ffb1bfb0000 - 0x00007ffb1c1c7000 	C:\WINDOWS\SYSTEM32\ntdll.dll
0x00007ffb1ac90000 - 0x00007ffb1ad54000 	C:\WINDOWS\System32\KERNEL32.DLL
0x00007ffb19420000 - 0x00007ffb197d7000 	C:\WINDOWS\System32\KERNELBASE.dll
0x00007ffb19850000 - 0x00007ffb19961000 	C:\WINDOWS\System32\ucrtbase.dll
0x00007ffb10700000 - 0x00007ffb10717000 	C:\Program Files\JetBrains\IntelliJ IDEA 2026.1\jbr\bin\jli.dll
0x00007ffaffc90000 - 0x00007ffaffcae000 	C:\Program Files\JetBrains\IntelliJ IDEA 2026.1\jbr\bin\VCRUNTIME140.dll
0x00007ffb19ce0000 - 0x00007ffb19e8f000 	C:\WINDOWS\System32\USER32.dll
0x00007ffb19c80000 - 0x00007ffb19ca6000 	C:\WINDOWS\System32\win32u.dll
0x00007ffaed380000 - 0x00007ffaed613000 	C:\WINDOWS\WinSxS\amd64_microsoft.windows.common-controls_6595b64144ccf1df_6.0.22621.3672_none_2713b9d173822955\COMCTL32.dll
0x00007ffb19e90000 - 0x00007ffb19eb9000 	C:\WINDOWS\System32\GDI32.dll
0x00007ffb1ad60000 - 0x00007ffb1ae07000 	C:\WINDOWS\System32\msvcrt.dll
0x00007ffb19b60000 - 0x00007ffb19c78000 	C:\WINDOWS\System32\gdi32full.dll
0x00007ffb19380000 - 0x00007ffb1941a000 	C:\WINDOWS\System32\msvcp_win.dll
0x00007ffb1af80000 - 0x00007ffb1afb1000 	C:\WINDOWS\System32\IMM32.DLL
0x00007ffb16800000 - 0x00007ffb1680c000 	C:\Program Files\JetBrains\IntelliJ IDEA 2026.1\jbr\bin\vcruntime140_1.dll
0x00007ffac0e80000 - 0x00007ffac0f09000 	C:\Program Files\JetBrains\IntelliJ IDEA 2026.1\jbr\bin\msvcp140.dll
0x00007ffaad4e0000 - 0x00007ffaae432000 	C:\Program Files\JetBrains\IntelliJ IDEA 2026.1\jbr\bin\server\jvm.dll
0x00007ffb1b070000 - 0x00007ffb1b122000 	C:\WINDOWS\System32\ADVAPI32.dll
0x00007ffb1afc0000 - 0x00007ffb1b068000 	C:\WINDOWS\System32\sechost.dll
0x00007ffb19cb0000 - 0x00007ffb19cd8000 	C:\WINDOWS\System32\bcrypt.dll
0x00007ffb1b520000 - 0x00007ffb1b634000 	C:\WINDOWS\System32\RPCRT4.dll
0x00007ffb1b750000 - 0x00007ffb1b7c1000 	C:\WINDOWS\System32\WS2_32.dll
0x00007ffb19190000 - 0x00007ffb191dd000 	C:\WINDOWS\SYSTEM32\POWRPROF.dll
0x00007ffb16ef0000 - 0x00007ffb16f24000 	C:\WINDOWS\SYSTEM32\WINMM.dll
0x00007ffb13f20000 - 0x00007ffb13f2a000 	C:\WINDOWS\SYSTEM32\VERSION.dll
0x00007ffb19170000 - 0x00007ffb19183000 	C:\WINDOWS\SYSTEM32\UMPDC.dll
0x00007ffb18310000 - 0x00007ffb18328000 	C:\WINDOWS\SYSTEM32\kernel.appcore.dll
0x00007ffb12630000 - 0x00007ffb1263a000 	C:\Program Files\JetBrains\IntelliJ IDEA 2026.1\jbr\bin\jimage.dll
0x00007ffb16910000 - 0x00007ffb16b42000 	C:\WINDOWS\SYSTEM32\DBGHELP.DLL
0x00007ffb1b190000 - 0x00007ffb1b51e000 	C:\WINDOWS\System32\combase.dll
0x00007ffb1ab30000 - 0x00007ffb1ac07000 	C:\WINDOWS\System32\OLEAUT32.dll
0x00007ffafe2c0000 - 0x00007ffafe2f2000 	C:\WINDOWS\SYSTEM32\dbgcore.DLL
0x00007ffb19ae0000 - 0x00007ffb19b5b000 	C:\WINDOWS\System32\bcryptPrimitives.dll
0x00007ffafd9f0000 - 0x00007ffafda0f000 	C:\Program Files\JetBrains\IntelliJ IDEA 2026.1\jbr\bin\java.dll
0x00007ffb19f50000 - 0x00007ffb1a0f5000 	C:\WINDOWS\System32\ole32.dll
0x00007ffb1a2c0000 - 0x00007ffb1ab29000 	C:\WINDOWS\System32\SHELL32.dll
0x00007ffb17230000 - 0x00007ffb17b2f000 	C:\WINDOWS\SYSTEM32\windows.storage.dll
0x00007ffb170f0000 - 0x00007ffb1722f000 	C:\WINDOWS\SYSTEM32\wintypes.dll
0x00007ffb1b7d0000 - 0x00007ffb1b8c9000 	C:\WINDOWS\System32\SHCORE.dll
0x00007ffb1b990000 - 0x00007ffb1b9ee000 	C:\WINDOWS\System32\shlwapi.dll
0x00007ffb191f0000 - 0x00007ffb19217000 	C:\WINDOWS\SYSTEM32\profapi.dll
0x00007ffaebe80000 - 0x00007ffaebe92000 	C:\Program Files\JetBrains\IntelliJ IDEA 2026.1\jbr\bin\net.dll
0x00007ffb18780000 - 0x00007ffb187e9000 	C:\WINDOWS\system32\mswsock.dll
0x00007ffaebe60000 - 0x00007ffaebe76000 	C:\Program Files\JetBrains\IntelliJ IDEA 2026.1\jbr\bin\nio.dll
0x00007ffafad40000 - 0x00007ffafad57000 	C:\Program Files\JetBrains\IntelliJ IDEA 2026.1\jbr\bin\zip.dll
0x00007ffb189d0000 - 0x00007ffb189eb000 	C:\WINDOWS\SYSTEM32\CRYPTSP.dll
0x00007ffb18270000 - 0x00007ffb182a5000 	C:\WINDOWS\system32\rsaenh.dll
0x00007ffb18870000 - 0x00007ffb18898000 	C:\WINDOWS\SYSTEM32\USERENV.dll
0x00007ffb189f0000 - 0x00007ffb189fc000 	C:\WINDOWS\SYSTEM32\CRYPTBASE.dll
0x00007ffb17d90000 - 0x00007ffb17dbd000 	C:\WINDOWS\SYSTEM32\IPHLPAPI.DLL
0x00007ffb19f30000 - 0x00007ffb19f39000 	C:\WINDOWS\System32\NSI.dll
0x00007ffb098f0000 - 0x00007ffb098fe000 	C:\Program Files\JetBrains\IntelliJ IDEA 2026.1\jbr\bin\sunmscapi.dll
0x00007ffb19970000 - 0x00007ffb19ad6000 	C:\WINDOWS\System32\CRYPT32.dll
0x00007ffb18b70000 - 0x00007ffb18b9d000 	C:\WINDOWS\SYSTEM32\ncrypt.dll
0x00007ffb18b30000 - 0x00007ffb18b67000 	C:\WINDOWS\SYSTEM32\NTASN1.dll

JVMTI agents: none

dbghelp: loaded successfully - version: 4.0.5 - missing functions: none
symbol engine: initialized successfully - sym options: 0x614 - pdb path: .;C:\Program Files\JetBrains\IntelliJ IDEA 2026.1\jbr\bin;C:\WINDOWS\SYSTEM32;C:\WINDOWS\WinSxS\amd64_microsoft.windows.common-controls_6595b64144ccf1df_6.0.22621.3672_none_2713b9d173822955;C:\Program Files\JetBrains\IntelliJ IDEA 2026.1\jbr\bin\server

VM Arguments:
java_command: git4idea.http.GitAskPassApp Password for 'https://shaafeekureemun6-png@github.com': 
java_class_path (initial): C:/Program Files/JetBrains/IntelliJ IDEA 2026.1/plugins/vcs-git/lib/git4idea-rt.jar;C:/Program Files/JetBrains/IntelliJ IDEA 2026.1/lib/externalProcess-rt.jar
Launcher Type: SUN_STANDARD

[Global flags]
     intx CICompilerCount                          = 4                                         {product} {ergonomic}
     uint ConcGCThreads                            = 2                                         {product} {ergonomic}
     uint G1ConcRefinementThreads                  = 8                                         {product} {ergonomic}
   size_t G1HeapRegionSize                         = 1048576                                   {product} {ergonomic}
   size_t InitialHeapSize                          = 132120576                                 {product} {ergonomic}
   size_t MarkStackSize                            = 4194304                                   {product} {ergonomic}
   size_t MarkStackSizeMax                         = 536870912                                 {product} {ergonomic}
   size_t MaxHeapSize                              = 2095054848                                {product} {ergonomic}
   size_t MaxNewSize                               = 1256194048                                {product} {ergonomic}
   size_t MinHeapDeltaBytes                        = 1048576                                   {product} {ergonomic}
   size_t MinHeapSize                              = 8388608                                   {product} {ergonomic}
    uintx NonNMethodCodeHeapSize                   = 5832704                                {pd product} {ergonomic}
    uintx NonProfiledCodeHeapSize                  = 122945536                              {pd product} {ergonomic}
    uintx ProfiledCodeHeapSize                     = 122880000                              {pd product} {ergonomic}
    uintx ReservedCodeCacheSize                    = 251658240                              {pd product} {ergonomic}
     bool SegmentedCodeCache                       = true                                      {product} {ergonomic}
   size_t SoftMaxHeapSize                          = 2095054848                             {manageable} {ergonomic}
     bool UseCompressedOops                        = true                           {product lp64_product} {ergonomic}
     bool UseG1GC                                  = true                                      {product} {ergonomic}
     bool UseLargePagesIndividualAllocation        = false                                  {pd product} {ergonomic}

Logging:
Log output configuration:
 #0: stdout all=warning uptime,level,tags foldmultilines=false
 #1: stderr all=off uptime,level,tags foldmultilines=false

Release file:
<release file has not been read>
Environment Variables:
PATH=C:\Program Files\Git\mingw64\libexec\git-core;C:\Program Files\Git\mingw64\libexec\git-core;C:\Program Files\Git\mingw64\bin;C:\Program Files\Git\usr\bin;C:\Users\skure\bin;C:\Program Files (x86)\Common Files\Oracle\Java\javapath;C:\Program Files\Common Files\Oracle\Java\javapath;C:\Windows\System32\HWAudioDriverLibs;C:\Windows\system32;C:\Windows;C:\Windows\System32\Wbem;C:\Windows\System32\WindowsPowerShell\v1.0;C:\Windows\System32\OpenSSH;C:\Users\Administrator\AppData\Local\Microsoft\WindowsApps;C:\WINDOWS\system32;C:\WINDOWS;C:\WINDOWS\System32\Wbem;C:\WINDOWS\System32\WindowsPowerShell\v1.0;C:\WINDOWS\System32\OpenSSH;C:\Program Files\Microsoft SQL Server\150\Tools\Binn;C:\Program Files\Microsoft SQL Server\Client SDK\ODBC\170\Tools\Binn;C:\Program Files\dotnet;D:\;C:\Program Files\Git\cmd;C:\Program Files\MySQL\MySQL Shell 8.0\bin;C:\Program Files\Java\jdk1.8.0_202\bin;C:\Users\skure\AppData\Local\Programs\Python\Launcher;C:\Users\skure\AppData\Local\Microsoft\WindowsApps;C:\Users\skure\.dotnet\tools;D:\Microsoft VS Code\bin;C:\Users\skure\AppData\Roaming\npm
USERNAME=skure
DISPLAY=:0.0
LC_ALL=en_US.UTF-8
TERM=xterm-256color
TMPDIR=C:\Users\skure\AppData\Local\Temp
OS=Windows_NT
PROCESSOR_IDENTIFIER=Intel64 Family 6 Model 140 Stepping 1, GenuineIntel
TMP=C:\Users\skure\AppData\Local\Temp
TEMP=C:\Users\skure\AppData\Local\Temp




Compilation memory statistics disabled.

Periodic native trim disabled

JNI global refs:
JNI global refs: 18, weak refs: 0

JNI global refs memory usage: 835, weak refs: 201

Process memory usage:
Resident Set Size: 73724K (0% of 8183096K total physical memory with 977796K free physical memory)

OOME stack traces (most recent first):
Classloader memory used:
Loader bootstrap                                                                       : 865 K
Loader jdk.internal.loader.ClassLoaders$PlatformClassLoader                            : 507 K
Loader jdk.internal.loader.ClassLoaders$AppClassLoader                                 : 27328 B

---------------  S Y S T E M  ---------------

OS:
 Windows 11 , 64 bit Build 22621 (10.0.22621.3958)
OS uptime: 117 days 4:21 hours

CPU: total 8 (initial active 8) (4 cores per cpu, 2 threads per core) family 6 model 140 stepping 1 microcode 0x8a, cx8, cmov, fxsr, ht, mmx, 3dnowpref, sse, sse2, sse3, ssse3, sse4.1, sse4.2, popcnt, lzcnt, tsc, tscinvbit, avx, avx2, aes, erms, clmul, bmi1, bmi2, adx, avx512f, avx512dq, avx512cd, avx512bw, avx512vl, sha, fma, vzeroupper, avx512_vpopcntdq, avx512_vpclmulqdq, avx512_vaes, avx512_vnni, clflush, clflushopt, clwb, avx512_vbmi2, avx512_vbmi, rdtscp, rdpid, fsrm, gfni, avx512_bitalg, f16c, pku, cet_ibt, cet_ss, avx512_ifma
Processor Information for processor 0
  Max Mhz: 2419, Current Mhz: 2419, Mhz Limit: 2419
Processor Information for processor 1
  Max Mhz: 2419, Current Mhz: 2419, Mhz Limit: 2419
Processor Information for processor 2
  Max Mhz: 2419, Current Mhz: 1209, Mhz Limit: 2419
Processor Information for processor 3
  Max Mhz: 2419, Current Mhz: 2419, Mhz Limit: 2419
Processor Information for processor 4
  Max Mhz: 2419, Current Mhz: 2419, Mhz Limit: 2419
Processor Information for processor 5
  Max Mhz: 2419, Current Mhz: 2419, Mhz Limit: 2419
Processor Information for processor 6
  Max Mhz: 2419, Current Mhz: 2419, Mhz Limit: 2419
Processor Information for processor 7
  Max Mhz: 2419, Current Mhz: 2419, Mhz Limit: 2419

Memory: 4k page, system-wide physical 7991M (954M free)
TotalPageFile size 9991M (AvailPageFile size 3M)
current process WorkingSet (physical memory assigned to process): 72M, peak: 72M
current process commit charge ("private bytes"): 235M, peak: 237M

vm_info: OpenJDK 64-Bit Server VM (25.0.2+1-b329.72) for windows-amd64 JRE (25.0.2+1-b329.72), built on 2026-03-02 with MS VC++ 17.14 (VS2022)

END.
